// Jest Snapshot v1, https://goo.gl/fbAQLP

exports[`Navigation component correctly sets state 1`] = `
<div
  className="jsx-2847528516"
  id="nav-wrapper"
>
  <Navbar
    className="nav-main p-0 faded"
    expand="md"
    light={true}
    tag="nav"
  >
    <Link
      href={
        Object {
          "pathname": "/",
        }
      }
    >
      <a
        className="jsx-2847528516 logo btn btn-lg rounded-0 text-white nav-item"
      >
        Let's Get Fit
      </a>
    </Link>
    <NavbarToggler
      className="mr-2"
      onClick={[Function]}
      tag="button"
      type="button"
    />
    <Collapse
      appear={false}
      enter={true}
      exit={true}
      in={false}
      isOpen={false}
      mountOnEnter={false}
      navbar={true}
      onEnter={[Function]}
      onEntered={[Function]}
      onEntering={[Function]}
      onExit={[Function]}
      onExited={[Function]}
      onExiting={[Function]}
      tag="div"
      timeout={350}
      unmountOnExit={false}
    >
      <Nav
        className="mr-auto"
        navbar={true}
        tag="ul"
        vertical={false}
      >
        <NavItem
          tag="li"
        >
          <Link
            href={
              Object {
                "pathname": "/",
              }
            }
          >
            <a
              className="jsx-2847528516 w-100 d-block rounded-0 text-white font-weight-bold text-decoration-none p-3"
              id="dashboard"
              onClick={[Function]}
            >
              Dashboard
            </a>
          </Link>
        </NavItem>
        <NavItem
          tag="li"
        >
          <Link
            href={
              Object {
                "pathname": "/assessment",
              }
            }
          >
            <a
              className="jsx-2847528516 w-100 d-block rounded-0 text-white font-weight-bold text-decoration-none p-3 "
              onClick={[Function]}
            >
              Assessment
            </a>
          </Link>
        </NavItem>
        <NavItem
          tag="li"
        >
          <Link
            href={
              Object {
                "pathname": "/my-goals",
              }
            }
          >
            <a
              className="jsx-2847528516 w-100 d-block rounded-0 text-white font-weight-bold text-decoration-none p-3 "
              onClick={[Function]}
            >
              My Goals
            </a>
          </Link>
        </NavItem>
        <NavItem
          tag="li"
        >
          <Link
            href={
              Object {
                "pathname": "/login",
              }
            }
          >
            <a
              className="jsx-2847528516 w-100 d-block rounded-0 text-white font-weight-bold text-decoration-none p-3"
              onClick={[Function]}
            >
              Log In
            </a>
          </Link>
        </NavItem>
        <NavItem
          style={
            Object {
              "cursor": "pointer",
            }
          }
          tag="li"
        >
          <Link
            href={
              Object {
                "pathname": "/sign-up",
              }
            }
          >
            <a
              className="jsx-2847528516 d-block text-left w-100 rounded-0 text-white text-decoration-none font-weight-bold p-3"
              onClick={[Function]}
            >
              Sign Up
            </a>
          </Link>
        </NavItem>
      </Nav>
    </Collapse>
  </Navbar>
  <JSXStyle
    id="2847528516"
  >
    div.jsx-2847528516 .navbar-toggler{background:#f5f5f5;}div.jsx-2847528516&gt;.nav-main{background-color:#454545;}div.jsx-2847528516 .nav-item:hover{cursor:pointer;background-color:#5a6268 !important;-webkit-text-decoration:none;text-decoration:none;color:white;}
  </JSXStyle>
</div>
`;

exports[`Navigation component expect to render navigations component 1`] = `
<div
  className="jsx-2847528516"
  id="nav-wrapper"
>
  <Navbar
    className="nav-main p-0 faded"
    expand="md"
    light={true}
    tag="nav"
  >
    <Link
      href={
        Object {
          "pathname": "/",
        }
      }
    >
      <a
        className="jsx-2847528516 logo btn btn-lg rounded-0 text-white nav-item"
      >
        Let's Get Fit
      </a>
    </Link>
    <NavbarToggler
      className="mr-2"
      onClick={[Function]}
      tag="button"
      type="button"
    />
    <Collapse
      appear={false}
      enter={true}
      exit={true}
      in={false}
      isOpen={false}
      mountOnEnter={false}
      navbar={true}
      onEnter={[Function]}
      onEntered={[Function]}
      onEntering={[Function]}
      onExit={[Function]}
      onExited={[Function]}
      onExiting={[Function]}
      tag="div"
      timeout={350}
      unmountOnExit={false}
    >
      <Nav
        className="mr-auto"
        navbar={true}
        tag="ul"
        vertical={false}
      >
        <NavItem
          tag="li"
        >
          <Link
            href={
              Object {
                "pathname": "/",
              }
            }
          >
            <a
              className="jsx-2847528516 w-100 d-block rounded-0 text-white font-weight-bold text-decoration-none p-3"
              id="dashboard"
              onClick={[Function]}
            >
              Dashboard
            </a>
          </Link>
        </NavItem>
        <NavItem
          tag="li"
        >
          <Link
            href={
              Object {
                "pathname": "/assessment",
              }
            }
          >
            <a
              className="jsx-2847528516 w-100 d-block rounded-0 text-white font-weight-bold text-decoration-none p-3 "
              onClick={[Function]}
            >
              Assessment
            </a>
          </Link>
        </NavItem>
        <NavItem
          tag="li"
        >
          <Link
            href={
              Object {
                "pathname": "/my-goals",
              }
            }
          >
            <a
              className="jsx-2847528516 w-100 d-block rounded-0 text-white font-weight-bold text-decoration-none p-3 "
              onClick={[Function]}
            >
              My Goals
            </a>
          </Link>
        </NavItem>
        <NavItem
          tag="li"
        >
          <Link
            href={
              Object {
                "pathname": "/login",
              }
            }
          >
            <a
              className="jsx-2847528516 w-100 d-block rounded-0 text-white font-weight-bold text-decoration-none p-3"
              onClick={[Function]}
            >
              Log In
            </a>
          </Link>
        </NavItem>
        <NavItem
          style={
            Object {
              "cursor": "pointer",
            }
          }
          tag="li"
        >
          <Link
            href={
              Object {
                "pathname": "/sign-up",
              }
            }
          >
            <a
              className="jsx-2847528516 d-block text-left w-100 rounded-0 text-white text-decoration-none font-weight-bold p-3"
              onClick={[Function]}
            >
              Sign Up
            </a>
          </Link>
        </NavItem>
      </Nav>
    </Collapse>
  </Navbar>
  <JSXStyle
    id="2847528516"
  >
    div.jsx-2847528516 .navbar-toggler{background:#f5f5f5;}div.jsx-2847528516&gt;.nav-main{background-color:#454545;}div.jsx-2847528516 .nav-item:hover{cursor:pointer;background-color:#5a6268 !important;-webkit-text-decoration:none;text-decoration:none;color:white;}
  </JSXStyle>
</div>
`;
